#! /c/Source/iverilog-install/bin/vvp
:ivl_version "12.0 (devel)" "(s20150603-1539-g2693dd32b)";
:ivl_delay_selection "TYPICAL";
:vpi_time_precision - 12;
:vpi_module "C:\iverilog\lib\ivl\system.vpi";
:vpi_module "C:\iverilog\lib\ivl\vhdl_sys.vpi";
:vpi_module "C:\iverilog\lib\ivl\vhdl_textio.vpi";
:vpi_module "C:\iverilog\lib\ivl\v2005_math.vpi";
:vpi_module "C:\iverilog\lib\ivl\va_math.vpi";
:vpi_module "C:\iverilog\lib\ivl\v2009.vpi";
S_00000244128f2c60 .scope package, "$unit" "$unit" 2 1;
 .timescale 0 0;
S_00000244128f2df0 .scope module, "request_register" "request_register" 3 11;
 .timescale -9 -12;
    .port_info 0 /INPUT 1 "clk";
    .port_info 1 /INPUT 1 "reset";
    .port_info 2 /INPUT 1 "load";
    .port_info 3 /INPUT 32 "cachereq_addr";
    .port_info 4 /INPUT 32 "cachereq_data";
    .port_info 5 /INPUT 8 "cachereq_opaque";
    .port_info 6 /INPUT 2 "cachereq_type";
    .port_info 7 /INPUT 2 "cachereq_len";
    .port_info 8 /OUTPUT 32 "cachereq_addr_reg";
    .port_info 9 /OUTPUT 32 "cachereq_data_reg";
    .port_info 10 /OUTPUT 8 "cachereq_opaque_reg";
    .port_info 11 /OUTPUT 2 "cachereq_type_reg";
    .port_info 12 /OUTPUT 2 "cachereq_len_reg";
o0000024412929fb8 .functor BUFZ 32, C4<zzzzzzzzzzzzzzzzzzzzzzzzzzzzzzzz>; HiZ drive
v00000244128f31d0_0 .net "cachereq_addr", 31 0, o0000024412929fb8;  0 drivers
v00000244129fbf30_0 .var "cachereq_addr_reg", 31 0;
o000002441292a018 .functor BUFZ 32, C4<zzzzzzzzzzzzzzzzzzzzzzzzzzzzzzzz>; HiZ drive
v00000244129235d0_0 .net "cachereq_data", 31 0, o000002441292a018;  0 drivers
v0000024412923670_0 .var "cachereq_data_reg", 31 0;
o000002441292a078 .functor BUFZ 2, C4<zz>; HiZ drive
v0000024412923710_0 .net "cachereq_len", 1 0, o000002441292a078;  0 drivers
v00000244129237b0_0 .var "cachereq_len_reg", 1 0;
o000002441292a0d8 .functor BUFZ 8, C4<zzzzzzzz>; HiZ drive
v0000024412923850_0 .net "cachereq_opaque", 7 0, o000002441292a0d8;  0 drivers
v00000244129238f0_0 .var "cachereq_opaque_reg", 7 0;
o000002441292a138 .functor BUFZ 2, C4<zz>; HiZ drive
v0000024412923990_0 .net "cachereq_type", 1 0, o000002441292a138;  0 drivers
v0000024412923a30_0 .var "cachereq_type_reg", 1 0;
o000002441292a198 .functor BUFZ 1, C4<z>; HiZ drive
v0000024412923ad0_0 .net "clk", 0 0, o000002441292a198;  0 drivers
o000002441292a1c8 .functor BUFZ 1, C4<z>; HiZ drive
v0000024412923b70_0 .net "load", 0 0, o000002441292a1c8;  0 drivers
o000002441292a1f8 .functor BUFZ 1, C4<z>; HiZ drive
v0000024412923c10_0 .net "reset", 0 0, o000002441292a1f8;  0 drivers
E_0000024412927d40 .event posedge, v0000024412923ad0_0;
    .scope S_00000244128f2df0;
T_0 ;
    %wait E_0000024412927d40;
    %load/vec4 v0000024412923c10_0;
    %flag_set/vec4 8;
    %jmp/0xz  T_0.0, 8;
    %pushi/vec4 0, 0, 32;
    %assign/vec4 v00000244129fbf30_0, 0;
    %pushi/vec4 0, 0, 32;
    %assign/vec4 v0000024412923670_0, 0;
    %pushi/vec4 0, 0, 8;
    %assign/vec4 v00000244129238f0_0, 0;
    %pushi/vec4 0, 0, 2;
    %assign/vec4 v0000024412923a30_0, 0;
    %pushi/vec4 0, 0, 2;
    %assign/vec4 v00000244129237b0_0, 0;
    %jmp T_0.1;
T_0.0 ;
    %load/vec4 v0000024412923b70_0;
    %flag_set/vec4 8;
    %jmp/0xz  T_0.2, 8;
    %load/vec4 v00000244128f31d0_0;
    %assign/vec4 v00000244129fbf30_0, 0;
    %load/vec4 v00000244129235d0_0;
    %assign/vec4 v0000024412923670_0, 0;
    %load/vec4 v0000024412923850_0;
    %assign/vec4 v00000244129238f0_0, 0;
    %load/vec4 v0000024412923990_0;
    %assign/vec4 v0000024412923a30_0, 0;
    %load/vec4 v0000024412923710_0;
    %assign/vec4 v00000244129237b0_0, 0;
T_0.2 ;
T_0.1 ;
    %jmp T_0;
    .thread T_0;
# The file index is used to find the file name in the following table.
:file_names 4;
    "N/A";
    "<interactive>";
    "-";
    "rtl/request_register.v";
